test1 2023-03-26 19:45:53.756895 : 5
test2 2023-03-26 19:45:53.757156 : 0.49999999999999994
test3 2023-03-26 19:45:53.757217 : 125
test1 2023-03-26 19:47:44.104503 : 5
test2 2023-03-26 19:47:44.104898 : 0.49999999999999994
test3 2023-03-26 19:47:44.104953 : 125
test1 2023-03-26 19:47:49.452197 : 5
test2 2023-03-26 19:47:49.452419 : 0.49999999999999994
test3 2023-03-26 19:47:49.452611 : 125
test1 2023-03-26 19:47:51.830967 : 5
test2 2023-03-26 19:47:51.833297 : 0.49999999999999994
test3 2023-03-26 19:47:51.833499 : 125
test1 2023-03-26 19:49:02.346692 : 5
test2 2023-03-26 19:49:02.347179 : 0.49999999999999994
test3 2023-03-26 19:49:02.347241 : 125
test1 2023-03-26 19:49:04.149334 : 5
test2 2023-03-26 19:49:04.152177 : 0.49999999999999994
test3 2023-03-26 19:49:04.152328 : 125
test1 2023-03-26 19:49:05.832866 : 5
test2 2023-03-26 19:49:05.833132 : 0.49999999999999994
test3 2023-03-26 19:49:05.833226 : 125
